make[1]: Entering directory '/workspaces/android_kernel_realme_spaced/out'
  UPD     include/config/kernel.release
  GEN     ./Makefile
  WRAP    arch/arm64/include/generated/uapi/asm/errno.h
  WRAP    arch/arm64/include/generated/uapi/asm/ioctl.h
  WRAP    arch/arm64/include/generated/uapi/asm/ioctls.h
  WRAP    arch/arm64/include/generated/uapi/asm/ipcbuf.h
  WRAP    arch/arm64/include/generated/uapi/asm/kvm_para.h
  WRAP    arch/arm64/include/generated/uapi/asm/mman.h
  WRAP    arch/arm64/include/generated/uapi/asm/msgbuf.h
  WRAP    arch/arm64/include/generated/uapi/asm/poll.h
  WRAP    arch/arm64/include/generated/uapi/asm/resource.h
  WRAP    arch/arm64/include/generated/uapi/asm/sembuf.h
  WRAP    arch/arm64/include/generated/uapi/asm/shmbuf.h
  WRAP    arch/arm64/include/generated/uapi/asm/socket.h
  WRAP    arch/arm64/include/generated/uapi/asm/sockios.h
  WRAP    arch/arm64/include/generated/uapi/asm/swab.h
  WRAP    arch/arm64/include/generated/uapi/asm/termbits.h
  WRAP    arch/arm64/include/generated/uapi/asm/termios.h
  WRAP    arch/arm64/include/generated/uapi/asm/types.h
  UPD     include/generated/uapi/linux/version.h
  UPD     include/generated/utsrelease.h
for i in ../arch/arm64/boot/dts/mediatek/oplus6781_21684.dts ../arch/arm64/boot/dts/mediatek/oplus6781_21690.dts; do \
	base_prj=`grep -m 1 '#include [<\"].*\/cust\.dtsi[>\"]' $i | sed 's/#include [<"]//g'\
       	| sed 's/\/cust\.dtsi[>"]//g' | sed 's/\/\*//g' | sed 's/\*\///g' | sed 's/ //g'`\
	prj_path=./arch/arm64/boot/dts/$base_prj ;\
	dws_path=../drivers/misc/mediatek/dws/mt6785/$base_prj.dws ;\
	if [ -f $dws_path ] ; then \
		mkdir -p $prj_path ;\
		 ../tools/dct/DrvGen.py $dws_path $prj_path $prj_path cust_dtsi;\
	fi \
done
for i in ../arch/arm64/boot/dts/mediatek/oplus6781_21684.dts ../arch/arm64/boot/dts/mediatek/oplus6781_21690.dts; do \
	base_prj=`grep -m 1 '#include [<\"].*\/cust\.dtsi[>\"]' $i | sed 's/#include [<"]//g'\
       	| sed 's/\/cust\.dtsi[>"]//g' | sed 's/\/\*//g' | sed 's/\*\///g' | sed 's/ //g'`\
	prj_path=./arch/arm64/boot/dts/$base_prj ;\
	dws_path=../drivers/misc/mediatek/dws/mt6785/$base_prj.dws ;\
	if [ -f $dws_path ] ; then \
		mkdir -p $prj_path ;\
		 ../tools/dct/DrvGen.py $dws_path $prj_path $prj_path cust_dtsi;\
	fi \
done
for i in ../arch/arm64/boot/dts/mediatek/oplus6781_21684.dts ../arch/arm64/boot/dts/mediatek/oplus6781_21690.dts; do \
	base_prj=`grep -m 1 '#include [<\"].*\/cust\.dtsi[>\"]' $i | sed 's/#include [<"]//g'\
       	| sed 's/\/cust\.dtsi[>"]//g' | sed 's/\/\*//g' | sed 's/\*\///g' | sed 's/ //g'`\
	prj_path=./arch/arm64/boot/dts/$base_prj ;\
	dws_path=../drivers/misc/mediatek/dws/mt6785/$base_prj.dws ;\
	if [ -f $dws_path ] ; then \
		mkdir -p $prj_path ;\
		 ../tools/dct/DrvGen.py $dws_path $prj_path $prj_path cust_dtsi;\
	fi \
done
rm -f dtboimg.cfg.tmp
echo /workspaces/android_kernel_realme_spaced/out/arch/arm64/boot/dts/mediatek/oplus6781_21684.dtbo >>dtboimg.cfg.tmp; echo " id=0" >>dtboimg.cfg.tmp;  echo /workspaces/android_kernel_realme_spaced/out/arch/arm64/boot/dts/mediatek/oplus6781_21690.dtbo >>dtboimg.cfg.tmp; echo " id=1" >>dtboimg.cfg.tmp; 
rm -f dtbimg.cfg.tmp
touch dtboimg.cfg.tmp
if ! cmp -s dtboimg.cfg.tmp dtboimg.cfg; then \
	mv dtboimg.cfg.tmp dtboimg.cfg; \
else \
	rm dtboimg.cfg.tmp; \
fi
echo /workspaces/android_kernel_realme_spaced/out/arch/arm64/boot/mtk.dtb >>dtbimg.cfg.tmp; echo " id=0" >>dtbimg.cfg.tmp; 
touch dtbimg.cfg.tmp
if ! cmp -s dtbimg.cfg.tmp dtbimg.cfg; then \
	mv dtbimg.cfg.tmp dtbimg.cfg; \
else \
	rm dtbimg.cfg.tmp; \
fi
*GPU defined GPU BM QoS 2.0-419
*direct build mali-r32p1 for CONFIG_MACH_MT6781
$GED: CONFIG_MTK_PLATFORM is ["mt6785"]
mali MTK evironment, building r32p1 DDK
mtk-Kbuild CONFIG_MALI_PLATFORM_THIRDPARTY := y
mtk-Kbuild CONFIG_MALI_PLATFORM_THIRDPARTY_NAME := "mt6781"
*GPU defined GPU BM QoS 2.0
mali MTK evironment, building r32p1 DDK
mtk-Kbuild CONFIG_MALI_PLATFORM_THIRDPARTY := y
mtk-Kbuild CONFIG_MALI_PLATFORM_THIRDPARTY_NAME := "mt6781"
*GPU defined GPU BM QoS 2.0
mali MTK evironment, building r32p1 DDK
mtk-Kbuild CONFIG_MALI_PLATFORM_THIRDPARTY := y
mtk-Kbuild CONFIG_MALI_PLATFORM_THIRDPARTY_NAME := "mt6781"
*GPU defined GPU BM QoS 2.0
  Using .. as source for kernel
  WRAP    arch/arm64/include/generated/asm/bugs.h
  WRAP    arch/arm64/include/generated/asm/delay.h
  WRAP    arch/arm64/include/generated/asm/div64.h
  WRAP    arch/arm64/include/generated/asm/dma.h
  WRAP    arch/arm64/include/generated/asm/dma-contiguous.h
  WRAP    arch/arm64/include/generated/asm/early_ioremap.h
  WRAP    arch/arm64/include/generated/asm/emergency-restart.h
  WRAP    arch/arm64/include/generated/asm/hw_irq.h
  WRAP    arch/arm64/include/generated/asm/irq_regs.h
  WRAP    arch/arm64/include/generated/asm/kdebug.h
  WRAP    arch/arm64/include/generated/asm/kmap_types.h
  WRAP    arch/arm64/include/generated/asm/local.h
  WRAP    arch/arm64/include/generated/asm/local64.h
  WRAP    arch/arm64/include/generated/asm/mcs_spinlock.h
  WRAP    arch/arm64/include/generated/asm/mm-arch-hooks.h
  WRAP    arch/arm64/include/generated/asm/msi.h
  WRAP    arch/arm64/include/generated/asm/preempt.h
  WRAP    arch/arm64/include/generated/asm/qrwlock.h
  WRAP    arch/arm64/include/generated/asm/qspinlock.h
  WRAP    arch/arm64/include/generated/asm/rwsem.h
  WRAP    arch/arm64/include/generated/asm/segment.h
  WRAP    arch/arm64/include/generated/asm/serial.h
  WRAP    arch/arm64/include/generated/asm/set_memory.h
  WRAP    arch/arm64/include/generated/asm/sizes.h
  WRAP    arch/arm64/include/generated/asm/switch_to.h
  WRAP    arch/arm64/include/generated/asm/trace_clock.h
  WRAP    arch/arm64/include/generated/asm/unaligned.h
  WRAP    arch/arm64/include/generated/asm/user.h
  WRAP    arch/arm64/include/generated/asm/vga.h
  WRAP    arch/arm64/include/generated/asm/xor.h
  HOSTCC  scripts/dtc/dtc.o
  HOSTCC  scripts/dtc/flattree.o
  HOSTCC  scripts/dtc/fstree.o
  HOSTCC  scripts/genksyms/genksyms.o
  YACC    scripts/genksyms/parse.tab.c
  HOSTCC  scripts/dtc/data.o
  LEX     scripts/genksyms/lex.lex.c
  YACC    scripts/genksyms/parse.tab.h
  HOSTCC  scripts/dtc/livetree.o
  HOSTCC  scripts/dtc/treesource.o
  HOSTCC  scripts/genksyms/parse.tab.o
  CC      scripts/mod/empty.o
  HOSTCC  scripts/dtc/srcpos.o
  HOSTCC  scripts/genksyms/lex.lex.o
  HOSTCC  scripts/dtc/checks.o
  HOSTCC  scripts/mod/mk_elfconfig
  CC      scripts/mod/devicetable-offsets.s
  HOSTLD  scripts/genksyms/genksyms
  MKELF   scripts/mod/elfconfig.h
  HOSTCC  scripts/mod/modpost.o
  HOSTCC  scripts/dtc/util.o
  LEX     scripts/dtc/dtc-lexer.lex.c
  UPD     scripts/mod/devicetable-offsets.h
  HOSTCC  scripts/mod/sumversion.o
  YACC    scripts/dtc/dtc-parser.tab.h
  YACC    scripts/dtc/dtc-parser.tab.c
  CC      kernel/bounds.s
../drivers/misc/mediatek/base/power/ppm_v3/src/Makefile:110: USE_PPM_CPI
  HOSTCC  scripts/mod/file2alias.o
  HOSTCC  scripts/dtc/yamltree.o
  UPD     include/generated/timeconst.h
  UPD     include/generated/bounds.h
  CC      arch/arm64/kernel/asm-offsets.s
  HOSTCC  scripts/dtc/dtc-lexer.lex.o
  HOSTLD  scripts/mod/modpost
  HOSTCC  scripts/dtc/dtc-parser.tab.o
..
FDVT: Drv use 5.1 folder
..
..
  HOSTLD  scripts/dtc/dtc
 TARGET_BUILD_VARIANT = 
 BT_PLATFORM = 
 srctree = ..
 BT_ENABLE_LOW_POWER_DEBUG=
  HOSTCC  scripts/selinux/genheaders/genheaders
../drivers/misc/mediatek/connectivity/common/Kbuild:211: KERNEL_VERSION_SUPPORT_CHIPID_LIST=[6781]
ConnFem: Customer load
[fm_drv:Kbuild] M = 
[fm_drv:Kbuild] CFG_FM_PLAT = mt6631_6635
[fm_drv:Kbuild] CFG_BUILD_CONNAC2 = 
[fm_drv:Kbuild] CFG_FM_CHIP_ID = 6781
[fm_drv:Kbuild] CFG_FM_CHIP = mt6631
[fm_drv:Kbuild] src = drivers/misc/mediatek/connectivity/fmradio
[fm_drv:Kbuild] KO_CODE_PATH = ../drivers/misc/mediatek/connectivity/fmradio
../drivers/misc/mediatek/connectivity/gps/Makefile:17: GPS_CHIP_ID != common
os option: linux
$MTK_PLATFORM is [mt6785]
$WLAN_CHIP_ID is [6781]
$MTK_COMBO_CHIP is [SOC2_2X2]
$CCFLAG is [{-Wno-unused-value -Wno-unused-result -Wno-format -Wno-parentheses -UMT6620 -UMT6628 -UMT5931 -UMT6630 -UMT6632 -UMT7663 -UCONNAC -USOC2_1X1 -UUT_TEST_MODE -UMT7915 -USOC3_0 -UMT7961 -USOC5_0 -USOC7_0 -DCONFIG_WLAN_MTK_EMI=1 -DCFG_SUPPORT_DEBUG_FS=0 -DWLAN_INCLUDE_PROC -DCFG_SUPPORT_AGPS_ASSIST=0 -DCFG_SUPPORT_TSF_USING_BOOTTIME=1 -DARP_MONITER_ENABLE=1 -Wno-unused-but-set-variable -DLINUX -DOPLUS_WLAN_BUG_STABILITY=1 -DSOC2_2X2 -DCONFIG_MTK_WIFI_VHT80 -DCFG_ENABLE_HOST_BUS_TIMEOUT=0 -DCFG_SUPPORT_SET_IPV6_NETWORK=0 -DCFG_SUPPORT_MDDP_AOR=0 -DCFG_TRI_TX_RING=0 -DCFG_ANDORID_CONNINFRA_SUPPORT=0 -DCFG_SUPPORT_CONNAC2X=0 -DCFG_SUPPORT_CONNAC2X_2x2=0 -DCFG_SUPPORT_802_11AX=0 -DCFG_SUPPORT_802_11BE=0 -DCFG_SUPPORT_WIFI_6G=0 -DCFG_SUPPORT_TWT=0 -DCFG_TWT_SMART_STA=0 -DCFG_DRIVER_INITIAL_RUNNING_MODE=3 -DCFG_SUPPORT_DUAL_STA=1 -DCFG_MTK_ANDROID_WMT=1 -DCFG_SUPPORT_CONNINFRA=0 -DCFG_ANDORID_CONNINFRA_COREDUMP_SUPPORT=0 -DCFG_SUPPORT_PRE_ON_PHY_ACTION=0 -I../drivers/misc/mediatek/connectivity/common/common_main/include -I../drivers/misc/mediatek/connectivity/common/common_main/linux/include -DWMT_IDC_SUPPORT=1 -DMTK_WCN_WMT_STP_EXP_SYMBOL_ABSTRACT -DCFG_SUPPORT_POWER_THROTTLING=0 -DCFG_MTK_ANDROID_EMI=1 -DCFG_WIFI_IP_SET=2 -DCFG_BUILT_IN_DRIVER=1 -DCFG_SUPPORT_CHNL_CONFLICT_REVISE=0 -DCFG_SUPPORT_AEE=0 -DBUILD_QA_DBG=1 -D_HIF_AXI=1 -DCFG_DOWNLOAD_DYN_MEMORY_MAP=0 -DCFG_SUPPORT_PASSPOINT=1 -DCFG_HS20_DEBUG=1 -DCFG_MET_PACKET_TRACE_SUPPORT=1 -DCFG_MET_TAG_SUPPORT=0 -DCFG_TC3_FEATURE=0 -DCFG_TC10_FEATURE=0 -DCONFIG_MTK_MD_SUPPORT=1 -DCFG_TC1_FEATURE=0 -DCFG_SUPPORT_NAN=0 -DDBG=0 -Idrivers/misc/mediatek/connectivity/wlan/core/gen4m/os -Idrivers/misc/mediatek/connectivity/wlan/core/gen4m/os/linux/include -Idrivers/misc/mediatek/connectivity/wlan/core/gen4m/include -Idrivers/misc/mediatek/connectivity/wlan/core/gen4m/include/nic -Idrivers/misc/mediatek/connectivity/wlan/core/gen4m/include/mgmt -Idrivers/misc/mediatek/connectivity/wlan/core/gen4m/include/chips -I../drivers/misc/mediatek/base/power/include/ -I../drivers/misc/mediatek/include/mt-plat/ -I../drivers/misc/mediatek/performance/include/ -I../drivers/misc/mediatek/emi/mt6785 -I../drivers/misc/mediatek/emi/submodule -I../drivers/misc/mediatek/pmic/include/ -I../drivers/misc/mediatek/power_throttling/ -I../drivers/misc/mediatek/connectivity/common -I../drivers/devfreq/ -I../net -I../drivers/misc/mediatek/connectivity/connfem/include/ -DCFG_MTK_MDDP_SUPPORT=0 -Idrivers/misc/mediatek/connectivity/wlan/core/gen4m/os/linux/hif/common/include -Idrivers/misc/mediatek/connectivity/wlan/core/gen4m/os/linux/hif/axi/include -DCONFIG_WLAN_DRV_BUILD_IN=1 -DCFG_SUPPORT_PKT_OFLD=0 -DOPLUS_FEATURE_CONN_POWER_MONITOR -DCONFIG_WLAN_SERVICE=1 -DCONFIG_TEST_ENGINE_OFFLOAD=1 -Idrivers/misc/mediatek/connectivity/wlan/core/gen4m/wlan_service/include -Idrivers/misc/mediatek/connectivity/wlan/core/gen4m/wlan_service/service/include -Idrivers/misc/mediatek/connectivity/wlan/core/gen4m/wlan_service/glue/osal/include -Idrivers/misc/mediatek/connectivity/wlan/core/gen4m/wlan_service/glue/hal/include}]
$MTK_WLAN_SERVICE is [{wlan_service/agent/agent.o wlan_service/service/service_test.o wlan_service/service/test_engine.o wlan_service/glue/osal/gen4m/sys_adaption_gen4m.o wlan_service/glue/osal/gen4m/net_adaption_gen4m.o wlan_service/glue/hal/gen4m/operation_gen4m.o}]
  HOSTCC  scripts/selinux/mdp/mdp
  HOSTCC  scripts/bin2c
  HOSTCC  scripts/kallsyms
CONFIG_MTK_PLATFORM_CCCI := mt6785
CONFIG_MTK_PLATFORM_CCCI := "mt6785"
MTK_PLATFORM_CCCI := mt6785
  UPD     include/generated/asm-offsets.h
  CALL    ../scripts/checksyscalls.sh
************  drivers/trusty/mtee-kree mk ************
imgsensor drv by common ../common/v1_1/ov48b_mipi_raw/ ../common/v1_1/s5k3p9sp_mipi_raw/ ../common/v1_1/s5k3m5sx_mipi_raw/ ../common/v1_1/imx481_mipi_raw/ ../common/v1_1/imx519_mipi_raw/ ../common/v1_1/imx398_mipi_raw/ ../common/v1_1/imx350_mipi_raw/ ../common/v1_1/s5k2l7_mipi_raw/ ../common/v1_1/imx386_mipi_raw/ ../common/v1_1/imx386_mipi_mono/ ../common/v1_1/s5k2t7sp_mipi_raw/ ../common/v1_1/imx499_mipi_raw/ ../common/v1_1/s5k2lqsx_mipi_raw/ ../common/v1_1/s5k4h7_mipi_raw/ ../common/v1_1/s5kjn1_mipi_raw_21690/ ../common/v1_1/ov64b40_mipi_raw_21690/ ../common/v1_1/hi1634q_mipi_raw_21690/ ../common/v1_1/s5k3p9sp_mipi_raw_21690/ ../common/v1_1/gc02m1hlt_mipi_raw_21690/ ../common/v1_1/gc02m1shine_mipi_raw_21690/ ../common/v1_1/ov02b1b_mipi_mono_21690/ ../common/v1_1/gc02m1bsy_mipi_raw_21690/
imgsensor drv by platform imx586_mipi_raw/
imgsensor drv by platform 
imgsensor subdir-ccflags-y = -I../drivers/misc/mediatek/imgsensor/src/common/v1_1 -I../drivers/misc/mediatek/mmdvfs -I../drivers/i2c/busses/ -I../drivers/misc/mediatek/imgsensor/src/mt6781/camera_hw -I../drivers/misc/mediatek/imgsensor/src/common/v1_1/camera_hw -DSENINF_N3D_SUPPORT -I../drivers/misc/mediatek/imgsensor/src/mt6781/seninf/
  HOSTCC  scripts/pnmtologo
  HOSTCC  scripts/sortextable
  HOSTCC  scripts/asn1_compiler
  LDS     arch/arm64/kernel/vdso/vdso.lds
  CC      arch/arm64/kernel/vdso/vgettimeofday.o
  AS      arch/arm64/kernel/vdso/note.o
  HOSTCC  scripts/extract-cert
  AS      arch/arm64/kernel/vdso/sigreturn.o
  LD      arch/arm64/kernel/vdso/vdso.so.dbg
******** Start to build met_drv for mt6781 ********
../drivers/misc/mediatek/met_drv_v2/Makefile:44: Not building met.ko due to CONFIG_MTK_MET_PLF is not set to m, build met default
******** Start to build met_drv ********
../drivers/misc/mediatek/met_drv_v3/Kbuild:32: not support CONFIG_MTK_MET="", build met default
  VDSOSYM include/generated/vdso-offsets.h
  LDS     arch/arm64/kernel/vdso32/vdso.lds
  CC32    arch/arm64/kernel/vdso32/note.o
  CC32    arch/arm64/kernel/vdso32/vgettimeofday.o
  AS32    arch/arm64/kernel/vdso32/sigreturn.o
  HOSTCC  arch/arm64/kernel/vdso32/../../../arm/vdso/vdsomunge
TCORE_UT_TESTS_SUPPORT = n
TCORE_PROFILING_SUPPORT = n
TCORE_PROFILING_AUTO_DUMP = n
TCORE_MEMORY_LEAK_DETECTION_SUPPORT = n
  LD32    arch/arm64/kernel/vdso32/vdso.so.raw
  MUNGE   arch/arm64/kernel/vdso32/vdso.so.dbg
  VDSOSYM include/generated/vdso32-offsets.h
ION:enable mtk ion
  CHK     include/generated/compile.h
  UPD     include/generated/compile.h
  CC      init/main.o
  HOSTCC  usr/gen_init_cpio
  CC      init/version.o
  GEN     usr/initramfs_data.cpio
  AS      usr/initramfs_data.o
  AR      usr/built-in.a
  CC      init/do_mounts.o
  CC      arch/arm64/kernel/probes/kprobes.o
  CC      arch/arm64/mm/dma-mapping.o
  CC      arch/arm64/kernel/probes/decode-insn.o
  CC      init/do_mounts_rd.o
  AS      arch/arm64/kernel/probes/kprobes_trampoline.o
  CC      arch/arm64/kernel/probes/simulate-insn.o
  CC      arch/arm64/mm/extable.o
  CC      arch/arm64/kernel/probes/uprobes.o
  CC      arch/arm64/kernel/rootguard/oplus_root_check.o
  CC      init/do_mounts_initrd.o
  CC      arch/arm64/mm/fault.o
  AR      arch/arm64/kernel/probes/built-in.a
  OBJCOPY arch/arm64/kernel/vdso/vdso.so
  AS      arch/arm64/kernel/vdso/vdso.o
  CC      init/initramfs.o
  AR      arch/arm64/kernel/vdso/built-in.a
  CC      arch/arm64/kernel/rootguard/oplus_exec_block.o
  CC      arch/arm64/net/bpf_jit_comp.o
  CC      arch/arm64/mm/init.o
  CC      arch/arm64/kernel/rootguard/oplus_mount_block.o
  CC      init/calibrate.o
  CC      init/init_task.o
  AR      arch/arm64/net/built-in.a
  CC      arch/arm64/kernel/rootguard/oplus_guard_general.o
  CC      arch/arm64/crypto/sha2-ce-glue.o
  AS      arch/arm64/mm/cache.o
<instantiation>:3:2: warning: DWARF2 only supports one section per compilation unit
 .pushsection .altinstr_replacement, "ax"
 ^
<instantiation>:1:1: note: while in macro instantiation
alternative_else
^
<instantiation>:5:1: note: while in macro instantiation
alternative_else_nop_endif
^
../arch/arm64/mm/cache.S:125:2: note: while in macro instantiation
 uaccess_ttbr0_enable x2, x3, x4
 ^
  CC      arch/arm64/mm/copypage.o
  CC      arch/arm64/kernel/rootguard/oplus_hook_syscall.o
  AR      init/built-in.a
  CC      kernel/bpf/core.o
  AS      arch/arm64/crypto/sha2-ce-core.o
  AS      arch/arm64/crypto/aes-ce-core.o
  CC      arch/arm64/crypto/aes-ce-glue.o
  CC      arch/arm64/mm/flush.o
  AR      arch/arm64/kernel/rootguard/built-in.a
  OBJCOPY arch/arm64/kernel/vdso32/vdso.so
  AS      arch/arm64/kernel/vdso32/vdso.o
  CC      arch/arm64/crypto/aes-glue-ce.o
  AR      arch/arm64/kernel/vdso32/built-in.a
  CC      arch/arm64/kernel/debug-monitors.o
  CC      arch/arm64/mm/ioremap.o
  AS      arch/arm64/kernel/entry.o
  AS      arch/arm64/crypto/aes-ce.o
../arch/arm64/kernel/entry.S:460:2: warning: DWARF2 only supports one section per compilation unit
 .pushsection ".entry.text", "ax"
 ^
<instantiation>:3:2: warning: DWARF2 only supports one section per compilation unit
 .pushsection .altinstr_replacement, "ax"
 ^
<instantiation>:5:1: note: while in macro instantiation
alternative_else
^
<instantiation>:46:2: note: while in macro instantiation
 adr_this_cpu sp, overflow_stack + 0x00001000, x0
 ^
../arch/arm64/kernel/entry.S:464:2: note: while in macro instantiation
 kernel_ventry 1, sync_invalid
 ^
../arch/arm64/kernel/entry.S:1098:2: warning: DWARF2 only supports one section per compilation unit
 .pushsection ".entry.tramp.text", "ax"
 ^
  CC      arch/arm64/mm/mmap.o
  CC      arch/arm64/kernel/irq.o
  CC      arch/arm64/crypto/sha256-glue.o
  CC      arch/arm64/mm/pgd.o
  CC      kernel/bpf/syscall.o
  CC      arch/arm64/kernel/fpsimd.o
  CC      arch/arm64/mm/mmu.o
  SHIPPED arch/arm64/crypto/sha256-core.S
  AS      arch/arm64/crypto/aes-cipher-core.o
  CC      arch/arm64/crypto/aes-cipher-glue.o
  AS      arch/arm64/crypto/sha256-core.o
  AS      arch/arm64/kernel/entry-fpsimd.o
  AR      arch/arm64/crypto/built-in.a
  CC      certs/system_keyring.o
  CC      arch/arm64/kernel/process.o
  CC      arch/arm64/mm/context.o
